// Jest Snapshot v1, https://goo.gl/fbAQLP

exports[`should render Footer correctly 1`] = `
<div
  className="footer"
>
  <h1>
    Â© NP
  </h1>
</div>
`;
